videotest: font gfxmenu video
odc: archelp
loopback: extcmd
macho:
gcry_des: crypto
memrw: extcmd
terminfo: extcmd
f2fs: fshelp
part_gpt:
gcry_sm3: crypto gcry_hwfeatures gcry_sha512
romfs: fshelp
read: extcmd
lsefimmap:
gcry_sm4: crypto gcry_hwfeatures
gcry_arcfour: crypto
aout:
tftp: net
newc: archelp
minix2_be:
afsplitter: crypto
elf:
videotest_checksum: font functional_test video_fb
password_pbkdf2: crypto gcry_sha512 normal pbkdf2
gcry_seed: crypto
pcidump: extcmd
bsd: aout boot cpuid crypto elf extcmd gcry_md5 mmap relocator serial video
sfs: fshelp
reiserfs: fshelp
part_sunpc:
zstd:
gfxmenu: bitmap bitmap_scale font gfxterm normal trig video video_colors
backtrace:
jfs:
help: extcmd normal
configfile: normal
cbls: cbtable
gcry_idea: crypto
tr: extcmd
shift_test: functional_test
crypto_cipher_mode_test: crypto functional_test
ohci: boot cs5536 usb
afs: fshelp
spkmodem: terminfo
usb_keyboard: keylayouts usb
xzio: crypto
syslinuxcfg: extcmd normal
search_fs_file:
gcry_gost28147: crypto mpi
wrmsr:
usbms: scsi usb
test_blockarg: extcmd normal
true:
affs: fshelp
iso9660: fshelp
exfat: fshelp
smbios: extcmd
setjmp_test: functional_test setjmp
gfxterm: font video
efinet: net
disk:
appleldr: boot
xfs: fshelp
testspeed: extcmd normal
cpio_be: archelp
functional_test: btrfs extcmd video video_fb
bswap_test: functional_test
sleep: extcmd normal
memdisk:
gcry_rijndael: crypto gcry_hwfeatures
mdraid09_be: diskfilter
gettext:
gcry_sha1: crypto gcry_hwfeatures gcry_sha512
hfspluscomp: gzio hfsplus
cmp: extcmd
random: hexdump
offsetio:
file: elf extcmd macho offsetio
usbserial_usbdebug: serial usb usbserial_common
video_colors:
morse:
argon2_test: argon2 functional_test
hashsum: crypto extcmd normal
usb:
halt: acpi
gdb: backtrace serial
rsa_sexp_test: functional_test gcry_rsa pubkey
gfxterm_background: bitmap bitmap_scale extcmd gfxterm video video_colors
search_fs_uuid:
gcry_dsa: crypto mpi pubkey
keystatus: extcmd
dsa_sexp_test: functional_test gcry_dsa pubkey
linux: boot mmap relocator video
geli: crypto cryptodisk gcry_sha256 gcry_sha512 pbkdf2
rdmsr: extcmd
part_sun:
cbtable:
argon2: gcry_kdf
pbkdf2_test: functional_test gcry_sha1 gcry_sha256 gcry_sha512 pbkdf2
video_bochs: video video_fb
bufio:
usbserial_ftdi: serial usb usbserial_common
legacy_password_test: functional_test legacycfg
cpuid: extcmd
hdparm: extcmd hexdump
bfs: fshelp
gcry_blowfish: crypto
test:
nilfs2: fshelp
gcry_rsa: crypto mpi pubkey
cryptodisk: crypto extcmd key_protector procfs
nativedisk:
minicmd: cryptodisk
signature_test: functional_test procfs
key_protector:
ata: scsi
udf: fshelp
gzio: gcry_crc
gcry_aria: crypto gcry_hwfeatures
xnu_uuid: gcry_md5
uhci: usb
pata: ata
mul_test: functional_test
adler32: crypto
terminal:
div:
gcry_stribog: crypto gcry_sha512
ehci: boot cs5536 usb
crypto:
part_bsd: part_msdos
luks2: afsplitter argon2 crypto cryptodisk json pbkdf2
cs5536:
gcry_sha512: crypto gcry_hwfeatures
gcry_keccak: crypto gcry_hwfeatures
password: crypto normal
fshelp:
sleep_test: datetime functional_test
iorw: extcmd
efitextmode:
bli: part_gpt tpm
xnu: bitmap bitmap_scale boot extcmd macho mmap random relocator video
mmap:
exfctest: functional_test
zfsinfo: zfs
ldm: diskfilter part_gpt part_msdos
cmostest:
eval: normal
gcry_gostr3411_94: crypto gcry_gost28147 gcry_sha512
part_dvh:
lssal:
ext2: fshelp
blocklist:
net: boot bufio datetime priority_queue
part_acorn:
videoinfo: video
btrfs: gzio lzopio raid6rec zstd
lsmmap: mmap
strtoull_test: functional_test
erofs: fshelp
bitmap:
ntfs: fshelp
multiboot: boot elf linux mmap net relocator video
tpm:
gcry_crc: crypto gcry_hwfeatures
png: bitmap bufio
json:
jpeg: bitmap bufio
macbless: disk
div_test: div functional_test
regexp: extcmd normal
parttool: normal
usbserial_pl2303: serial usb usbserial_common
cpio: archelp
gcry_rmd160: crypto gcry_sha512
fat: fshelp
ufs1_be:
gcry_salsa20: crypto
archelp:
asn1_test: asn1 functional_test
http: net
zfs: gzio zstd
raid6rec: diskfilter
lsefisystab:
minix2:
lsacpi: acpi extcmd
datehook: datetime
loadenv: disk extcmd
bitmap_scale: bitmap
probe: extcmd
minix3:
tar: archelp
loadbios:
hfs: fshelp
procfs: archelp
boot:
tpm2_key_protector: asn1 extcmd key_protector tss2
keylayouts:
progress: normal
kernel:
usbtest: usb
relocator: mmap
acpi: extcmd mmap
tga: bitmap bufio
reboot:
serial: extcmd terminfo
zfscrypt: crypto extcmd gcry_rijndael gcry_sha1 pbkdf2 zfs
efi_uga: video video_fb
dm_nv: diskfilter
cmp_test: functional_test
luks: afsplitter crypto cryptodisk pbkdf2
asn1:
font: bufio video
raid5rec: diskfilter
crc64: crypto
datetime:
efifwsetup:
ctz_test: functional_test
video:
cbmemc: cbtable normal terminfo
zstdio: zstd
gcry_hwfeatures: crypto
cmosdump:
hfsplus: fshelp
gcry_cast5: crypto
extcmd:
squash4: fshelp gzio lzopio xzio
part_plan:
minix_be:
gcry_whirlpool: crypto gcry_sha512
gcry_tiger: crypto gcry_sha512
fixvideo:
search: extcmd search_fs_file search_fs_uuid search_label
lspci: extcmd
cbtime: cbtable
video_fb:
minix3_be:
trig:
msdospart: disk parttool
android_bootimg_fs:
priority_queue:
gcry_twofish: crypto gcry_hwfeatures
plainmount: crypto cryptodisk extcmd
part_dfly:
gcry_blake2: crypto gcry_hwfeatures
xnu_uuid_test: functional_test
diskfilter:
testload:
part_apple:
hexdump: extcmd
loadstring:
date: datetime
pbkdf2: crypto
gcry_sha256: crypto gcry_hwfeatures gcry_sha512
ls: datetime extcmd normal
usbserial_common: serial usb
ntfscomp: ntfs
lzopio: crypto
tss2:
video_cirrus: video video_fb
hello: extcmd
scsi:
linux16: boot linux mmap relocator video
cat: extcmd
ahci: ata boot
pgp: crypto extcmd gcry_sha1 mpi pubkey
normal: boot bufio crypto cryptodisk datetime extcmd gettext net terminal
ufs1:
mdraid09: diskfilter
lvm: diskfilter
chain: boot efinet net
cbfs: archelp
gcry_kdf: crypto gcry_blake2
ufs2:
time:
setpci: extcmd
gptsync: disk
search_label:
setjmp:
multiboot2: acpi boot elf linux mmap net relocator video
gcry_rfc2268: crypto
blsuki: extcmd normal
mdraid1x: diskfilter
mpi: crypto gcry_keccak
legacycfg: crypto gcry_md5 normal password
play:
part_amiga:
efi_gop: video video_fb
minix:
echo: extcmd
lsefi:
gcry_serpent: crypto
gcry_md4: crypto gcry_sha512
gcry_md5: crypto gcry_sha512
pubkey: crypto mpi
part_msdos:
gcry_camellia: crypto gcry_hwfeatures
at_keyboard: boot keylayouts
all_video: efi_gop efi_uga video_bochs video_cirrus
