videotest: font gfxmenu video
odc: archelp
loopback: extcmd
macho:
gcry_des: crypto
memrw: extcmd
terminfo: extcmd
f2fs: fshelp
part_gpt:
gcry_sm3: crypto gcry_hwfeatures gcry_sha512
romfs: fshelp
read: extcmd
lsefimmap:
gcry_sm4: crypto gcry_hwfeatures
gcry_arcfour: crypto
tftp: net
newc: archelp
minix2_be:
afsplitter: crypto
elf:
videotest_checksum: font functional_test video_fb
password_pbkdf2: crypto gcry_sha512 normal pbkdf2
gcry_seed: crypto
sfs: fshelp
reiserfs: fshelp
part_sunpc:
zstd:
gfxmenu: bitmap bitmap_scale font gfxterm normal trig video video_colors
jfs:
help: extcmd normal
configfile: normal
gcry_idea: crypto
tr: extcmd
shift_test: functional_test
crypto_cipher_mode_test: crypto functional_test
afs: fshelp
xzio: crypto
syslinuxcfg: extcmd normal
search_fs_file:
gcry_gost28147: crypto mpi
xen_boot: boot fdt linux
test_blockarg: extcmd normal
true:
affs: fshelp
iso9660: fshelp
exfat: fshelp
smbios: extcmd
setjmp_test: functional_test setjmp
gfxterm: font video
fdt: extcmd
efinet: net
disk:
xfs: fshelp
testspeed: extcmd normal
cpio_be: archelp
functional_test: btrfs extcmd video video_fb
bswap_test: functional_test
sleep: extcmd normal
memdisk:
gcry_rijndael: crypto gcry_hwfeatures
mdraid09_be: diskfilter
gettext:
gcry_sha1: crypto gcry_hwfeatures gcry_sha512
hfspluscomp: gzio hfsplus
cmp: extcmd
offsetio:
file: elf extcmd macho offsetio
video_colors:
argon2_test: argon2 functional_test
hashsum: crypto extcmd normal
halt:
rsa_sexp_test: functional_test gcry_rsa pubkey
gfxterm_background: bitmap bitmap_scale extcmd gfxterm video video_colors
search_fs_uuid:
gcry_dsa: crypto mpi pubkey
keystatus: extcmd
dsa_sexp_test: functional_test gcry_dsa pubkey
linux: boot fdt
geli: crypto cryptodisk gcry_sha256 gcry_sha512 pbkdf2
part_sun:
argon2: gcry_kdf
pbkdf2_test: functional_test gcry_sha1 gcry_sha256 gcry_sha512 pbkdf2
bufio:
bfs: fshelp
gcry_blowfish: crypto
test:
nilfs2: fshelp
gcry_rsa: crypto mpi pubkey
cryptodisk: crypto extcmd key_protector procfs
minicmd: cryptodisk
signature_test: functional_test procfs
key_protector:
udf: fshelp
gzio: gcry_crc
gcry_aria: crypto gcry_hwfeatures
xnu_uuid: gcry_md5
mul_test: functional_test
adler32: crypto
terminal:
div:
gcry_stribog: crypto gcry_sha512
crypto:
part_bsd: part_msdos
luks2: afsplitter argon2 crypto cryptodisk json pbkdf2
gcry_sha512: crypto gcry_hwfeatures
gcry_keccak: crypto gcry_hwfeatures
password: crypto normal
fshelp:
sleep_test: datetime functional_test
efitextmode:
bli: part_gpt tpm
mmap:
exfctest: functional_test
zfsinfo: zfs
ldm: diskfilter part_gpt part_msdos
eval: normal
gcry_gostr3411_94: crypto gcry_gost28147 gcry_sha512
part_dvh:
lssal:
ext2: fshelp
blocklist:
net: boot bufio datetime priority_queue
part_acorn:
videoinfo: video
btrfs: gzio lzopio raid6rec zstd
lsmmap: mmap
strtoull_test: functional_test
erofs: fshelp
bitmap:
ntfs: fshelp
tpm:
gcry_crc: crypto gcry_hwfeatures
png: bitmap bufio
json:
jpeg: bitmap bufio
macbless: disk
div_test: div functional_test
regexp: extcmd normal
parttool: normal
cpio: archelp
gcry_rmd160: crypto gcry_sha512
fat: fshelp
ufs1_be:
gcry_salsa20: crypto
archelp:
asn1_test: asn1 functional_test
http: net
zfs: gzio zstd
raid6rec: diskfilter
lsefisystab:
minix2:
lsacpi: acpi extcmd
datehook: datetime
loadenv: disk extcmd
bitmap_scale: bitmap
probe: extcmd
minix3:
tar: archelp
hfs: fshelp
procfs: archelp
boot:
tpm2_key_protector: asn1 extcmd key_protector tss2
progress: normal
kernel:
acpi: extcmd mmap
tga: bitmap bufio
reboot:
serial: extcmd terminfo
zfscrypt: crypto extcmd gcry_rijndael gcry_sha1 pbkdf2 zfs
dm_nv: diskfilter
cmp_test: functional_test
luks: afsplitter crypto cryptodisk pbkdf2
asn1:
font: bufio video
raid5rec: diskfilter
crc64: crypto
datetime:
efifwsetup:
ctz_test: functional_test
video:
zstdio: zstd
gcry_hwfeatures: crypto
hfsplus: fshelp
gcry_cast5: crypto
extcmd:
squash4: fshelp gzio lzopio xzio
part_plan:
minix_be:
gcry_whirlpool: crypto gcry_sha512
gcry_tiger: crypto gcry_sha512
search: extcmd search_fs_file search_fs_uuid search_label
video_fb:
minix3_be:
trig:
msdospart: disk parttool
android_bootimg_fs:
priority_queue:
gcry_twofish: crypto gcry_hwfeatures
plainmount: crypto cryptodisk extcmd
part_dfly:
gcry_blake2: crypto gcry_hwfeatures
xnu_uuid_test: functional_test
diskfilter:
testload:
part_apple:
hexdump: extcmd
loadstring:
date: datetime
pbkdf2: crypto
gcry_sha256: crypto gcry_hwfeatures gcry_sha512
ls: datetime extcmd normal
ntfscomp: ntfs
lzopio: crypto
tss2:
hello: extcmd
scsi:
cat: extcmd
pgp: crypto extcmd gcry_sha1 mpi pubkey
normal: boot bufio crypto cryptodisk datetime extcmd gettext net terminal
ufs1:
mdraid09: diskfilter
lvm: diskfilter
chain: boot efinet net
cbfs: archelp
gcry_kdf: crypto gcry_blake2
ufs2:
time:
gptsync: disk
search_label:
setjmp:
gcry_rfc2268: crypto
blsuki: extcmd normal
mdraid1x: diskfilter
mpi: crypto gcry_keccak
part_amiga:
efi_gop: video video_fb
minix:
echo: extcmd
lsefi:
gcry_serpent: crypto
gcry_md4: crypto gcry_sha512
gcry_md5: crypto gcry_sha512
pubkey: crypto mpi
part_msdos:
gcry_camellia: crypto gcry_hwfeatures
all_video: efi_gop
